// Jest Snapshot v1, https://goo.gl/fbAQLP

exports[`Should render ExpenseListItem 1`] = `
<div>
  <Link
    to="/edit/2"
  >
    <h2>
      Rent
    </h2>
  </Link>
  <p>
    5,000.00
    -
    December 28th, 1969
    -
  </p>
</div>
`;
