// Jest Snapshot v1, https://goo.gl/fbAQLP

exports[`Should render expensesList with expenses 1`] = `
<div>
  <ExpenseListItem
    amount={30}
    createdAt={0}
    description="Gum"
    id={1}
    key="1"
    note=""
  />
  <ExpenseListItem
    amount={5000}
    createdAt={-345600000}
    description="Rent"
    id={2}
    key="2"
    note=""
  />
  <ExpenseListItem
    amount={2000}
    createdAt={345600000}
    description="Credit Card"
    id={3}
    key="3"
    note=""
  />
</div>
`;

exports[`Should render expensesList with no expenses 1`] = `
<div>
  <p>
    No Expenses
  </p>
</div>
`;
