// Jest Snapshot v1, https://goo.gl/fbAQLP

exports[`Shoould render NotFoundPage 1`] = `
<div>
  404! 
  <Link
    to="/"
  >
    GO HOME
  </Link>
</div>
`;
